Archive member included to satisfy reference by file (symbol)

C:/ST/STM32CubeIDE_1.16.1/STM32CubeIDE/plugins/com.st.stm32cube.ide.mcu.externaltools.gnu-tools-for-stm32.12.3.rel1.win32_1.0.200.202406191623/tools/bin/../lib/gcc/arm-none-eabi/12.3.1/../../../../arm-none-eabi/lib/thumb/v7e-m+fp/hard\libc_nano.a(libc_a-exit.o)
                              C:/ST/STM32CubeIDE_1.16.1/STM32CubeIDE/plugins/com.st.stm32cube.ide.mcu.externaltools.gnu-tools-for-stm32.12.3.rel1.win32_1.0.200.202406191623/tools/bin/../lib/gcc/arm-none-eabi/12.3.1/../../../../arm-none-eabi/lib/thumb/v7e-m+fp/hard/crt0.o (exit)
C:/ST/STM32CubeIDE_1.16.1/STM32CubeIDE/plugins/com.st.stm32cube.ide.mcu.externaltools.gnu-tools-for-stm32.12.3.rel1.win32_1.0.200.202406191623/tools/bin/../lib/gcc/arm-none-eabi/12.3.1/../../../../arm-none-eabi/lib/thumb/v7e-m+fp/hard\libc_nano.a(libc_a-findfp.o)
                              C:/ST/STM32CubeIDE_1.16.1/STM32CubeIDE/plugins/com.st.stm32cube.ide.mcu.externaltools.gnu-tools-for-stm32.12.3.rel1.win32_1.0.200.202406191623/tools/bin/../lib/gcc/arm-none-eabi/12.3.1/../../../../arm-none-eabi/lib/thumb/v7e-m+fp/hard\libc_nano.a(libc_a-exit.o) (__stdio_exit_handler)
C:/ST/STM32CubeIDE_1.16.1/STM32CubeIDE/plugins/com.st.stm32cube.ide.mcu.externaltools.gnu-tools-for-stm32.12.3.rel1.win32_1.0.200.202406191623/tools/bin/../lib/gcc/arm-none-eabi/12.3.1/../../../../arm-none-eabi/lib/thumb/v7e-m+fp/hard\libc_nano.a(libc_a-fwalk.o)
                              C:/ST/STM32CubeIDE_1.16.1/STM32CubeIDE/plugins/com.st.stm32cube.ide.mcu.externaltools.gnu-tools-for-stm32.12.3.rel1.win32_1.0.200.202406191623/tools/bin/../lib/gcc/arm-none-eabi/12.3.1/../../../../arm-none-eabi/lib/thumb/v7e-m+fp/hard\libc_nano.a(libc_a-findfp.o) (_fwalk_sglue)
C:/ST/STM32CubeIDE_1.16.1/STM32CubeIDE/plugins/com.st.stm32cube.ide.mcu.externaltools.gnu-tools-for-stm32.12.3.rel1.win32_1.0.200.202406191623/tools/bin/../lib/gcc/arm-none-eabi/12.3.1/../../../../arm-none-eabi/lib/thumb/v7e-m+fp/hard\libc_nano.a(libc_a-stdio.o)
                              C:/ST/STM32CubeIDE_1.16.1/STM32CubeIDE/plugins/com.st.stm32cube.ide.mcu.externaltools.gnu-tools-for-stm32.12.3.rel1.win32_1.0.200.202406191623/tools/bin/../lib/gcc/arm-none-eabi/12.3.1/../../../../arm-none-eabi/lib/thumb/v7e-m+fp/hard\libc_nano.a(libc_a-findfp.o) (__sread)
C:/ST/STM32CubeIDE_1.16.1/STM32CubeIDE/plugins/com.st.stm32cube.ide.mcu.externaltools.gnu-tools-for-stm32.12.3.rel1.win32_1.0.200.202406191623/tools/bin/../lib/gcc/arm-none-eabi/12.3.1/../../../../arm-none-eabi/lib/thumb/v7e-m+fp/hard\libc_nano.a(libc_a-memset.o)
                              C:/ST/STM32CubeIDE_1.16.1/STM32CubeIDE/plugins/com.st.stm32cube.ide.mcu.externaltools.gnu-tools-for-stm32.12.3.rel1.win32_1.0.200.202406191623/tools/bin/../lib/gcc/arm-none-eabi/12.3.1/../../../../arm-none-eabi/lib/thumb/v7e-m+fp/hard/crt0.o (memset)
C:/ST/STM32CubeIDE_1.16.1/STM32CubeIDE/plugins/com.st.stm32cube.ide.mcu.externaltools.gnu-tools-for-stm32.12.3.rel1.win32_1.0.200.202406191623/tools/bin/../lib/gcc/arm-none-eabi/12.3.1/../../../../arm-none-eabi/lib/thumb/v7e-m+fp/hard\libc_nano.a(libc_a-closer.o)
                              C:/ST/STM32CubeIDE_1.16.1/STM32CubeIDE/plugins/com.st.stm32cube.ide.mcu.externaltools.gnu-tools-for-stm32.12.3.rel1.win32_1.0.200.202406191623/tools/bin/../lib/gcc/arm-none-eabi/12.3.1/../../../../arm-none-eabi/lib/thumb/v7e-m+fp/hard\libc_nano.a(libc_a-stdio.o) (_close_r)
C:/ST/STM32CubeIDE_1.16.1/STM32CubeIDE/plugins/com.st.stm32cube.ide.mcu.externaltools.gnu-tools-for-stm32.12.3.rel1.win32_1.0.200.202406191623/tools/bin/../lib/gcc/arm-none-eabi/12.3.1/../../../../arm-none-eabi/lib/thumb/v7e-m+fp/hard\libc_nano.a(libc_a-reent.o)
                              C:/ST/STM32CubeIDE_1.16.1/STM32CubeIDE/plugins/com.st.stm32cube.ide.mcu.externaltools.gnu-tools-for-stm32.12.3.rel1.win32_1.0.200.202406191623/tools/bin/../lib/gcc/arm-none-eabi/12.3.1/../../../../arm-none-eabi/lib/thumb/v7e-m+fp/hard\libc_nano.a(libc_a-closer.o) (errno)
C:/ST/STM32CubeIDE_1.16.1/STM32CubeIDE/plugins/com.st.stm32cube.ide.mcu.externaltools.gnu-tools-for-stm32.12.3.rel1.win32_1.0.200.202406191623/tools/bin/../lib/gcc/arm-none-eabi/12.3.1/../../../../arm-none-eabi/lib/thumb/v7e-m+fp/hard\libc_nano.a(libc_a-impure.o)
                              C:/ST/STM32CubeIDE_1.16.1/STM32CubeIDE/plugins/com.st.stm32cube.ide.mcu.externaltools.gnu-tools-for-stm32.12.3.rel1.win32_1.0.200.202406191623/tools/bin/../lib/gcc/arm-none-eabi/12.3.1/../../../../arm-none-eabi/lib/thumb/v7e-m+fp/hard\libc_nano.a(libc_a-reent.o) (_impure_ptr)
C:/ST/STM32CubeIDE_1.16.1/STM32CubeIDE/plugins/com.st.stm32cube.ide.mcu.externaltools.gnu-tools-for-stm32.12.3.rel1.win32_1.0.200.202406191623/tools/bin/../lib/gcc/arm-none-eabi/12.3.1/../../../../arm-none-eabi/lib/thumb/v7e-m+fp/hard\libc_nano.a(libc_a-lseekr.o)
[...]
Memory Configuration

Name             Origin             Length             Attributes
CCMRAM           0x10000000         0x00010000         xrw
RAM              0x20000000         0x00030000         xrw
FLASH            0x08000000         0x00200000         xr
*default*        0x00000000         0xffffffff

Linker script and memory map

LOAD C:/ST/STM32CubeIDE_1.16.1/STM32CubeIDE/plugins/com.st.stm32cube.ide.mcu.externaltools.gnu-tools-for-stm32.12.3.rel1.win32_1.0.200.202406191623/tools/bin/../lib/gcc/arm-none-eabi/12.3.1/thumb/v7e-m+fp/hard/crti.o
LOAD C:/ST/STM32CubeIDE_1.16.1/STM32CubeIDE/plugins/com.st.stm32cube.ide.mcu.externaltools.gnu-tools-for-stm32.12.3.rel1.win32_1.0.200.202406191623/tools/bin/../lib/gcc/arm-none-eabi/12.3.1/thumb/v7e-m+fp/hard/crtbegin.o
LOAD C:/ST/STM32CubeIDE_1.16.1/STM32CubeIDE/plugins/com.st.stm32cube.ide.mcu.externaltools.gnu-tools-for-stm32.12.3.rel1.win32_1.0.200.202406191623/tools/bin/../lib/gcc/arm-none-eabi/12.3.1/../../../../arm-none-eabi/lib/thumb/v7e-m+fp/hard/crt0.o
LOAD ./Core/Src/ApplicationCode.o
LOAD ./Core/Src/LCD_Driver.o
LOAD ./Core/Src/fonts.o
LOAD ./Core/Src/ili9341.o
LOAD ./Core/Src/main.o
LOAD ./Core/Src/stm32f4xx_hal_msp.o
LOAD ./Core/Src/stm32f4xx_it.o
LOAD ./Core/Src/stmpe811.o
LOAD ./Core/Src/syscalls.o
LOAD ./Core/Src/sysmem.o
LOAD ./Core/Src/system_stm32f4xx.o
LOAD ./Core/Startup/startup_stm32f429zitx.o
LOAD ./Drivers/STM32F4xx_HAL_Driver/Src/stm32f4xx_hal.o
LOAD ./Drivers/STM32F4xx_HAL_Driver/Src/stm32f4xx_hal_cortex.o
LOAD ./Drivers/STM32F4xx_HAL_Driver/Src/stm32f4xx_hal_dma.o
LOAD ./Drivers/STM32F4xx_HAL_Driver/Src/stm32f4xx_hal_dma_ex.o
LOAD ./Drivers/STM32F4xx_HAL_Driver/Src/stm32f4xx_hal_dsi.o
LOAD ./Drivers/STM32F4xx_HAL_Driver/Src/stm32f4xx_hal_exti.o
LOAD ./Drivers/STM32F4xx_HAL_Driver/Src/stm32f4xx_hal_flash.o
LOAD ./Drivers/STM32F4xx_HAL_Driver/Src/stm32f4xx_hal_flash_ex.o
LOAD ./Drivers/STM32F4xx_HAL_Driver/Src/stm32f4xx_hal_flash_ramfunc.o
LOAD ./Drivers/STM32F4xx_HAL_Driver/Src/stm32f4xx_hal_gpio.o
LOAD ./Drivers/STM32F4xx_HAL_Driver/Src/stm32f4xx_hal_i2c.o
LOAD ./Drivers/STM32F4xx_HAL_Driver/Src/stm32f4xx_hal_i2c_ex.o
LOAD ./Drivers/STM32F4xx_HAL_Driver/Src/stm32f4xx_hal_ltdc.o
LOAD ./Drivers/STM32F4xx_HAL_Driver/Src/stm32f4xx_hal_ltdc_ex.o
LOAD ./Drivers/STM32F4xx_HAL_Driver/Src/stm32f4xx_hal_pwr.o
LOAD ./Drivers/STM32F4xx_HAL_Driver/Src/stm32f4xx_hal_pwr_ex.o
LOAD ./Drivers/STM32F4xx_HAL_Driver/Src/stm32f4xx_hal_rcc.o
LOAD ./Drivers/STM32F4xx_HAL_Driver/Src/stm32f4xx_hal_rcc_ex.o
LOAD ./Drivers/STM32F4xx_HAL_Driver/Src/stm32f4xx_hal_rng.o
LOAD ./Drivers/STM32F4xx_HAL_Driver/Src/stm32f4xx_hal_spi.o
LOAD ./Drivers/STM32F4xx_HAL_Driver/Src/stm32f4xx_hal_tim.o
LOAD ./Drivers/STM32F4xx_HAL_Driver/Src/stm32f4xx_hal_tim_ex.o
START GROUP
LOAD C:/ST/STM32CubeIDE_1.16.1/STM32CubeIDE/plugins/com.st.stm32cube.ide.mcu.externaltools.gnu-tools-for-stm32.12.3.rel1.win32_1.0.200.202406191623/tools/bin/../lib/gcc/arm-none-eabi/12.3.1/../../../../arm-none-eabi/lib/thumb/v7e-m+fp/hard\libc_nano.a
LOAD C:/ST/STM32CubeIDE_1.16.1/STM32CubeIDE/plugins/com.st.stm32cube.ide.mcu.externaltools.gnu-tools-for-stm32.12.3.rel1.win32_1.0.200.202406191623/tools/bin/../lib/gcc/arm-none-eabi/12.3.1/../../../../arm-none-eabi/lib/thumb/v7e-m+fp/hard\libm.a
END GROUP
START GROUP
LOAD C:/ST/STM32CubeIDE_1.16.1/STM32CubeIDE/plugins/com.st.stm32cube.ide.mcu.externaltools.gnu-tools-for-stm32.12.3.rel1.win32_1.0.200.202406191623/tools/bin/../lib/gcc/arm-none-eabi/12.3.1/thumb/v7e-m+fp/hard\libgcc.a
LOAD C:/ST/STM32CubeIDE_1.16.1/STM32CubeIDE/plugins/com.st.stm32cube.ide.mcu.externaltools.gnu-tools-for-stm32.12.3.rel1.win32_1.0.200.202406191623/tools/bin/../lib/gcc/arm-none-eabi/12.3.1/../../../../arm-none-eabi/lib/thumb/v7e-m+fp/hard\libc_nano.a
END GROUP
START GROUP
LOAD C:/ST/STM32CubeIDE_1.16.1/STM32CubeIDE/plugins/com.st.stm32cube.ide.mcu.externaltools.gnu-tools-for-stm32.12.3.rel1.win32_1.0.200.202406191623/tools/bin/../lib/gcc/arm-none-eabi/12.3.1/thumb/v7e-m+fp/hard\libgcc.a
LOAD C:/ST/STM32CubeIDE_1.16.1/STM32CubeIDE/plugins/com.st.stm32cube.ide.mcu.externaltools.gnu-tools-for-stm32.12.3.rel1.win32_1.0.200.202406191623/tools/bin/../lib/gcc/arm-none-eabi/12.3.1/../../../../arm-none-eabi/lib/thumb/v7e-m+fp/hard\libc_nano.a
LOAD C:/ST/STM32CubeIDE_1.16.1/STM32CubeIDE/plugins/com.st.stm32cube.ide.mcu.externaltools.gnu-tools-for-stm32.12.3.rel1.win32_1.0.200.202406191623/tools/bin/../lib/gcc/arm-none-eabi/12.3.1/../../../../arm-none-eabi/lib/thumb/v7e-m+fp/hard\libnosys.a
END GROUP
START GROUP
LOAD C:/ST/STM32CubeIDE_1.16.1/STM32CubeIDE/plugins/com.st.stm32cube.ide.mcu.externaltools.gnu-tools-for-stm32.12.3.rel1.win32_1.0.200.202406191623/tools/bin/../lib/gcc/arm-none-eabi/12.3.1/thumb/v7e-m+fp/hard\libgcc.a
LOAD C:/ST/STM32CubeIDE_1.16.1/STM32CubeIDE/plugins/com.st.stm32cube.ide.mcu.externaltools.gnu-tools-for-stm32.12.3.rel1.win32_1.0.200.202406191623/tools/bin/../lib/gcc/arm-none-eabi/12.3.1/../../../../arm-none-eabi/lib/thumb/v7e-m+fp/hard\libc_nano.a
LOAD C:/ST/STM32CubeIDE_1.16.1/STM32CubeIDE/plugins/com.st.stm32cube.ide.mcu.externaltools.gnu-tools-for-stm32.12.3.rel1.win32_1.0.200.202406191623/tools/bin/../lib/gcc/arm-none-eabi/12.3.1/../../../../arm-none-eabi/lib/thumb/v7e-m+fp/hard\libnosys.a
END GROUP
LOAD C:/ST/STM32CubeIDE_1.16.1/STM32CubeIDE/plugins/com.st.stm32cube.ide.mcu.externaltools.gnu-tools-for-stm32.12.3.rel1.win32_1.0.200.202406191623/tools/bin/../lib/gcc/arm-none-eabi/12.3.1/thumb/v7e-m+fp/hard/crtend.o
LOAD C:/ST/STM32CubeIDE_1.16.1/STM32CubeIDE/plugins/com.st.stm32cube.ide.mcu.externaltools.gnu-tools-for-stm32.12.3.rel1.win32_1.0.200.202406191623/tools/bin/../lib/gcc/arm-none-eabi/12.3.1/thumb/v7e-m+fp/hard/crtn.o
                0x20030000                        _estack = (ORIGIN (RAM) + LENGTH (RAM))
                0x00000200                        _Min_Heap_Size = 0x200
                0x00000400                        _Min_Stack_Size = 0x400

.isr_vector     0x08000000      0x1ac
                0x08000000                        . = ALIGN (0x4)
 *(.isr_vector)
 .isr_vector    0x08000000      0x1ac ./Core/Startup/startup_stm32f429zitx.o
                0x08000000                g_pfnVectors
                0x080001ac                        . = ALIGN (0x4)

.text           0x080001ac     0x46f0
                0x080001ac                        . = ALIGN (0x4)
 *(.text)
 .text          0x080001ac       0x40 C:/ST/STM32CubeIDE_1.16.1/STM32CubeIDE/plugins/com.st.stm32cube.ide.mcu.externaltools.gnu-tools-for-stm32.12.3.rel1.win32_1.0.200.202406191623/tools/bin/../lib/gcc/arm-none-eabi/12.3.1/thumb/v7e-m+fp/hard/crtbegin.o
 .text          0x080001ec       0x30 C:/ST/STM32CubeIDE_1.16.1/STM32CubeIDE/plugins/com.st.stm32cube.ide.mcu.externaltools.gnu-tools-for-stm32.12.3.rel1.win32_1.0.200.202406191623/tools/bin/../lib/gcc/arm-none-eabi/12.3.1/thumb/v7e-m+fp/hard\libgcc.a(_aeabi_uldivmod.o)
                0x080001ec                __aeabi_uldivmod
 .text          0x0800021c      0x2bc C:/ST/STM32CubeIDE_1.16.1/STM32CubeIDE/plugins/com.st.stm32cube.ide.mcu.externaltools.gnu-tools-for-stm32.12.3.rel1.win32_1.0.200.202406191623/tools/bin/../lib/gcc/arm-none-eabi/12.3.1/thumb/v7e-m+fp/hard\libgcc.a(_udivmoddi4.o)
                0x0800021c                __udivmoddi4
 .text          0x080004d8        0x4 C:/ST/STM32CubeIDE_1.16.1/STM32CubeIDE/plugins/com.st.stm32cube.ide.mcu.externaltools.gnu-tools-for-stm32.12.3.rel1.win32_1.0.200.202406191623/tools/bin/../lib/gcc/arm-none-eabi/12.3.1/thumb/v7e-m+fp/hard\libgcc.a(_dvmd_tls.o)
                0x080004d8                __aeabi_idiv0
                0x080004d8                __aeabi_ldiv0
 *(.text*)
 .text.ApplicationInit
                0x080004dc       0x20 ./Core/Src/ApplicationCode.o
                0x080004dc                ApplicationInit
 .text.LCD_Visual_Demo
                0x080004fc        0xc ./Core/Src/ApplicationCode.o
                0x080004fc                LCD_Visual_Demo
 .text.LCD_GPIO_Init
                0x08000508      0x190 ./Core/Src/LCD_Driver.o
                0x08000508                LCD_GPIO_Init
 .text.LTCD_Layer_Init
                0x08000698       0x80 ./Core/Src/LCD_Driver.o
                0x08000698                LTCD_Layer_Init
 .text.LTCD__Init
                0x08000718       0xbc ./Core/Src/LCD_Driver.o
                0x08000718                LTCD__Init
 .text.LCD_Draw_Pixel
                0x080007d4       0x3c ./Core/Src/LCD_Driver.o
                0x080007d4                LCD_Draw_Pixel
 .text.LCD_Draw_Circle_Fill
                0x08000810       0xa6 ./Core/Src/LCD_Driver.o
                0x08000810                LCD_Draw_Circle_Fill
 .text.LCD_Draw_Vertical_Line
                0x080008b6       0x4e ./Core/Src/LCD_Driver.o
                0x080008b6                LCD_Draw_Vertical_Line
 .text.LCD_Clear
                0x08000904       0x44 ./Core/Src/LCD_Driver.o
                0x08000904                LCD_Clear
 .text.LCD_SetTextColor
                0x08000948       0x20 ./Core/Src/LCD_Driver.o
                0x08000948                LCD_SetTextColor
 .text.LCD_SetFont
                0x08000968       0x20 ./Core/Src/LCD_Driver.o
                0x08000968                LCD_SetFont
 .text.LCD_Draw_Char
                0x08000988       0xdc ./Core/Src/LCD_Driver.o
                0x08000988                LCD_Draw_Char
 .text.LCD_DisplayChar
                0x08000a64       0x44 ./Core/Src/LCD_Driver.o
                0x08000a64                LCD_DisplayChar
 .text.visualDemo
                0x08000aa8      0x158 ./Core/Src/LCD_Driver.o
                0x08000aa8                visualDemo
 .text.LCD_Error_Handler
                0x08000c00        0xc ./Core/Src/LCD_Driver.o
                0x08000c00                LCD_Error_Handler
 .text.ili9341_Init
                0x08000c0c      0x294 ./Core/Src/ili9341.o
                0x08000c0c                ili9341_Init
 .text.ili9341_Write_Reg
                0x08000ea0       0x1a ./Core/Src/ili9341.o
                0x08000ea0                ili9341_Write_Reg
 .text.ili9341_Send_Data
                0x08000eba       0x1a ./Core/Src/ili9341.o
                0x08000eba                ili9341_Send_Data
 .text.SPI_Init
                0x08000ed4       0x74 ./Core/Src/ili9341.o
 .text.SPI_Write
                0x08000f48       0x3c ./Core/Src/ili9341.o
 .text.SPI_Error
                0x08000f84       0x18 ./Core/Src/ili9341.o
 .text.SPI_MspInit
                0x08000f9c       0x74 ./Core/Src/ili9341.o
 .text.LCD_IO_Init
                0x08001010       0xf0 ./Core/Src/ili9341.o
                0x08001010                LCD_IO_Init
 .text.LCD_IO_WriteData
                0x08001100       0x44 ./Core/Src/ili9341.o
                0x08001100                LCD_IO_WriteData
 .text.LCD_IO_WriteReg
                0x08001144       0x44 ./Core/Src/ili9341.o
                0x08001144                LCD_IO_WriteReg
 .text.LCD_Delay
                0x08001188       0x16 ./Core/Src/ili9341.o
                0x08001188                LCD_Delay
 .text.main     0x0800119e       0x38 ./Core/Src/main.o
                0x0800119e                main
 *fill*         0x080011d6        0x2 
 .text.MX_I2C3_Init
                0x080011d8       0x80 ./Core/Src/main.o
 .text.MX_LTDC_Init
                0x08001258      0x164 ./Core/Src/main.o
 .text.MX_RNG_Init
                0x080013bc       0x28 ./Core/Src/main.o
 .text.MX_SPI5_Init
                0x080013e4       0x6c ./Core/Src/main.o
 .text.MX_TIM2_Init
                0x08001450       0x98 ./Core/Src/main.o
 .text.MX_GPIO_Init
                0x080014e8      0x35c ./Core/Src/main.o
 .text.SystemClockOverride
                0x08001844       0x80 ./Core/Src/main.o
                0x08001844                SystemClockOverride
 .text.Error_Handler
                0x080018c4        0xc ./Core/Src/main.o
                0x080018c4                Error_Handler
 .text.HAL_MspInit
                0x080018d0       0x50 ./Core/Src/stm32f4xx_hal_msp.o
                0x080018d0                HAL_MspInit
 .text.HAL_I2C_MspInit
                0x08001920       0xd4 ./Core/Src/stm32f4xx_hal_msp.o
                0x08001920                HAL_I2C_MspInit
 .text.HAL_LTDC_MspInit
                0x080019f4      0x250 ./Core/Src/stm32f4xx_hal_msp.o
                0x080019f4                HAL_LTDC_MspInit
 .text.HAL_RNG_MspInit
                0x08001c44       0x44 ./Core/Src/stm32f4xx_hal_msp.o
                0x08001c44                HAL_RNG_MspInit
 .text.HAL_SPI_MspInit
                0x08001c88       0x90 ./Core/Src/stm32f4xx_hal_msp.o
                0x08001c88                HAL_SPI_MspInit
 .text.HAL_SPI_MspDeInit
                0x08001d18       0x3c ./Core/Src/stm32f4xx_hal_msp.o
                0x08001d18                HAL_SPI_MspDeInit
 .text.HAL_TIM_Base_MspInit
                0x08001d54       0x40 ./Core/Src/stm32f4xx_hal_msp.o
                0x08001d54                HAL_TIM_Base_MspInit
 .text.NMI_Handler
                0x08001d94        0x8 ./Core/Src/stm32f4xx_it.o
                0x08001d94                NMI_Handler
 .text.HardFault_Handler
                0x08001d9c        0x8 ./Core/Src/stm32f4xx_it.o
                0x08001d9c                HardFault_Handler
 .text.MemManage_Handler
                0x08001da4        0x8 ./Core/Src/stm32f4xx_it.o
                0x08001da4                MemManage_Handler
 .text.BusFault_Handler
                0x08001dac        0x8 ./Core/Src/stm32f4xx_it.o
                0x08001dac                BusFault_Handler
 .text.UsageFault_Handler
                0x08001db4        0x8 ./Core/Src/stm32f4xx_it.o
                0x08001db4                UsageFault_Handler
 .text.SVC_Handler
                0x08001dbc        0xe ./Core/Src/stm32f4xx_it.o
                0x08001dbc                SVC_Handler
 .text.DebugMon_Handler
                0x08001dca        0xe ./Core/Src/stm32f4xx_it.o
                0x08001dca                DebugMon_Handler
 .text.PendSV_Handler
                0x08001dd8        0xe ./Core/Src/stm32f4xx_it.o
                0x08001dd8                PendSV_Handler
 .text.SysTick_Handler
                0x08001de6        0xc ./Core/Src/stm32f4xx_it.o
                0x08001de6                SysTick_Handler
 .text.initialise_monitor_handles
                0x08001df2        0xe ./Core/Src/syscalls.o
                0x08001df2                initialise_monitor_handles
 .text.SystemInit
                0x08001e00       0x24 ./Core/Src/system_stm32f4xx.o
                0x08001e00                SystemInit
 .text.Reset_Handler
                0x08001e24       0x50 ./Core/Startup/startup_stm32f429zitx.o
                0x08001e24                Reset_Handler
 .text.Default_Handler
                0x08001e74        0x2 ./Core/Startup/startup_stm32f429zitx.o
                0x08001e74                RTC_Alarm_IRQHandler
                0x08001e74                HASH_RNG_IRQHandler
                0x08001e74                EXTI2_IRQHandler
                0x08001e74                TIM8_CC_IRQHandler
                0x08001e74                UART8_IRQHandler
                0x08001e74                SPI4_IRQHandler
                0x08001e74                TIM1_CC_IRQHandler
                0x08001e74                DMA2_Stream5_IRQHandler
                0x08001e74                DMA1_Stream5_IRQHandler
                0x08001e74                PVD_IRQHandler
                0x08001e74                SDIO_IRQHandler
                0x08001e74                TAMP_STAMP_IRQHandler
                0x08001e74                CAN2_RX1_IRQHandler
                0x08001e74                EXTI3_IRQHandler
                0x08001e74                TIM8_TRG_COM_TIM14_IRQHandler
                0x08001e74                TIM1_UP_TIM10_IRQHandler
                0x08001e74                TIM8_UP_TIM13_IRQHandler
                0x08001e74                I2C3_ER_IRQHandler
                0x08001e74                EXTI0_IRQHandler
                0x08001e74                I2C2_EV_IRQHandler
                0x08001e74                DMA1_Stream2_IRQHandler
                0x08001e74                CAN1_RX0_IRQHandler
                0x08001e74                FPU_IRQHandler
                0x08001e74                OTG_HS_WKUP_IRQHandler
                0x08001e74                LTDC_ER_IRQHandler
                0x08001e74                CAN2_SCE_IRQHandler
                0x08001e74                DMA2_Stream2_IRQHandler
                0x08001e74                SPI1_IRQHandler
                0x08001e74                TIM6_DAC_IRQHandler
                0x08001e74                TIM1_BRK_TIM9_IRQHandler
                0x08001e74                DCMI_IRQHandler
                0x08001e74                CAN2_RX0_IRQHandler
                0x08001e74                DMA2_Stream3_IRQHandler
                0x08001e74                USART6_IRQHandler
                0x08001e74                USART3_IRQHandler
                0x08001e74                CAN1_RX1_IRQHandler
                0x08001e74                UART5_IRQHandler
                0x08001e74                DMA2_Stream0_IRQHandler
                0x08001e74                TIM4_IRQHandler
                0x08001e74                I2C1_EV_IRQHandler
                0x08001e74                DMA1_Stream6_IRQHandler
                0x08001e74                DMA1_Stream1_IRQHandler
                0x08001e74                UART4_IRQHandler
                0x08001e74                TIM3_IRQHandler
                0x08001e74                RCC_IRQHandler
                0x08001e74                TIM8_BRK_TIM12_IRQHandler
                0x08001e74                Default_Handler
                0x08001e74                EXTI15_10_IRQHandler
                0x08001e74                ADC_IRQHandler
                0x08001e74                DMA1_Stream7_IRQHandler
                0x08001e74                SPI5_IRQHandler
                0x08001e74                TIM7_IRQHandler
                0x08001e74                CAN2_TX_IRQHandler
                0x08001e74                TIM5_IRQHandler
                0x08001e74                DMA2_Stream7_IRQHandler
                0x08001e74                I2C3_EV_IRQHandler
                0x08001e74                EXTI9_5_IRQHandler
                0x08001e74                RTC_WKUP_IRQHandler
                0x08001e74                LTDC_IRQHandler
                0x08001e74                ETH_WKUP_IRQHandler
                0x08001e74                SPI2_IRQHandler
                0x08001e74                OTG_HS_EP1_IN_IRQHandler
                0x08001e74                DMA1_Stream0_IRQHandler
                0x08001e74                CAN1_TX_IRQHandler
                0x08001e74                EXTI4_IRQHandler
                0x08001e74                ETH_IRQHandler
                0x08001e74                OTG_HS_EP1_OUT_IRQHandler
                0x08001e74                WWDG_IRQHandler
                0x08001e74                SPI6_IRQHandler
                0x08001e74                TIM2_IRQHandler
                0x08001e74                OTG_FS_WKUP_IRQHandler
                0x08001e74                TIM1_TRG_COM_TIM11_IRQHandler
                0x08001e74                OTG_HS_IRQHandler
                0x08001e74                DMA2D_IRQHandler
                0x08001e74                EXTI1_IRQHandler
                0x08001e74                UART7_IRQHandler
                0x08001e74                USART2_IRQHandler
                0x08001e74                I2C2_ER_IRQHandler
                0x08001e74                DMA2_Stream1_IRQHandler
                0x08001e74                CAN1_SCE_IRQHandler
                0x08001e74                FLASH_IRQHandler
                0x08001e74                DMA2_Stream4_IRQHandler
                0x08001e74                USART1_IRQHandler
                0x08001e74                OTG_FS_IRQHandler
                0x08001e74                SPI3_IRQHandler
                0x08001e74                DMA1_Stream4_IRQHandler
                0x08001e74                I2C1_ER_IRQHandler
                0x08001e74                FMC_IRQHandler
                0x08001e74                DMA2_Stream6_IRQHandler
                0x08001e74                SAI1_IRQHandler
                0x08001e74                DMA1_Stream3_IRQHandler
 *fill*         0x08001e76        0x2 
 .text.HAL_Init
                0x08001e78       0x44 ./Drivers/STM32F4xx_HAL_Driver/Src/stm32f4xx_hal.o
                0x08001e78                HAL_Init
 .text.HAL_InitTick
                0x08001ebc       0x60 ./Drivers/STM32F4xx_HAL_Driver/Src/stm32f4xx_hal.o
                0x08001ebc                HAL_InitTick
 .text.HAL_IncTick
                0x08001f1c       0x28 ./Drivers/STM32F4xx_HAL_Driver/Src/stm32f4xx_hal.o
                0x08001f1c                HAL_IncTick
 .text.HAL_GetTick
                0x08001f44       0x18 ./Drivers/STM32F4xx_HAL_Driver/Src/stm32f4xx_hal.o
                0x08001f44                HAL_GetTick
 .text.HAL_Delay
                0x08001f5c       0x48 ./Drivers/STM32F4xx_HAL_Driver/Src/stm32f4xx_hal.o
                0x08001f5c                HAL_Delay
 .text.__NVIC_SetPriorityGrouping
                0x08001fa4       0x48 ./Drivers/STM32F4xx_HAL_Driver/Src/stm32f4xx_hal_cortex.o
 .text.__NVIC_GetPriorityGrouping
                0x08001fec       0x1c ./Drivers/STM32F4xx_HAL_Driver/Src/stm32f4xx_hal_cortex.o
 .text.__NVIC_SetPriority
                0x08002008       0x54 ./Drivers/STM32F4xx_HAL_Driver/Src/stm32f4xx_hal_cortex.o
 .text.NVIC_EncodePriority
                0x0800205c       0x66 ./Drivers/STM32F4xx_HAL_Driver/Src/stm32f4xx_hal_cortex.o
 *fill*         0x080020c2        0x2 
 .text.SysTick_Config
                0x080020c4       0x44 ./Drivers/STM32F4xx_HAL_Driver/Src/stm32f4xx_hal_cortex.o
 .text.HAL_NVIC_SetPriorityGrouping
                0x08002108       0x16 ./Drivers/STM32F4xx_HAL_Driver/Src/stm32f4xx_hal_cortex.o
                0x08002108                HAL_NVIC_SetPriorityGrouping
 .text.HAL_NVIC_SetPriority
                0x0800211e       0x38 ./Drivers/STM32F4xx_HAL_Driver/Src/stm32f4xx_hal_cortex.o
                0x0800211e                HAL_NVIC_SetPriority
 .text.HAL_SYSTICK_Config
                0x08002156       0x18 ./Drivers/STM32F4xx_HAL_Driver/Src/stm32f4xx_hal_cortex.o
                0x08002156                HAL_SYSTICK_Config
 *fill*         0x0800216e        0x2 
 .text.HAL_GPIO_Init
                0x08002170      0x358 ./Drivers/STM32F4xx_HAL_Driver/Src/stm32f4xx_hal_gpio.o
                0x08002170                HAL_GPIO_Init
 .text.HAL_GPIO_DeInit
                0x080024c8      0x218 ./Drivers/STM32F4xx_HAL_Driver/Src/stm32f4xx_hal_gpio.o
                0x080024c8                HAL_GPIO_DeInit
 .text.HAL_GPIO_WritePin
                0x080026e0       0x32 ./Drivers/STM32F4xx_HAL_Driver/Src/stm32f4xx_hal_gpio.o
                0x080026e0                HAL_GPIO_WritePin
 *fill*         0x08002712        0x2 
 .text.HAL_I2C_Init
                0x08002714      0x288 ./Drivers/STM32F4xx_HAL_Driver/Src/stm32f4xx_hal_i2c.o
                0x08002714                HAL_I2C_Init
 .text.HAL_I2CEx_ConfigAnalogFilter
                0x0800299c       0x78 ./Drivers/STM32F4xx_HAL_Driver/Src/stm32f4xx_hal_i2c_ex.o
                0x0800299c                HAL_I2CEx_ConfigAnalogFilter
 .text.HAL_I2CEx_ConfigDigitalFilter
                0x08002a14       0x7e ./Drivers/STM32F4xx_HAL_Driver/Src/stm32f4xx_hal_i2c_ex.o
                0x08002a14                HAL_I2CEx_ConfigDigitalFilter
 *fill*         0x08002a92        0x2 
 .text.HAL_LTDC_Init
                0x08002a94      0x1a0 ./Drivers/STM32F4xx_HAL_Driver/Src/stm32f4xx_hal_ltdc.o
                0x08002a94                HAL_LTDC_Init
 .text.HAL_LTDC_ConfigLayer
                0x08002c34       0x7c ./Drivers/STM32F4xx_HAL_Driver/Src/stm32f4xx_hal_ltdc.o
                0x08002c34                HAL_LTDC_ConfigLayer
 .text.LTDC_SetConfig
                0x08002cb0      0x32e ./Drivers/STM32F4xx_HAL_Driver/Src/stm32f4xx_hal_ltdc.o
 *fill*         0x08002fde        0x2 
 .text.HAL_RCC_OscConfig
                0x08002fe0      0x4f0 ./Drivers/STM32F4xx_HAL_Driver/Src/stm32f4xx_hal_rcc.o
                0x08002fe0                HAL_RCC_OscConfig
 .text.HAL_RCC_ClockConfig
                0x080034d0      0x1cc ./Drivers/STM32F4xx_HAL_Driver/Src/stm32f4xx_hal_rcc.o
                0x080034d0                HAL_RCC_ClockConfig
 .text.HAL_RCC_GetSysClockFreq
                0x0800369c      0x20c ./Drivers/STM32F4xx_HAL_Driver/Src/stm32f4xx_hal_rcc.o
                0x0800369c                HAL_RCC_GetSysClockFreq
 .text.HAL_RCC_GetHCLKFreq
                0x080038a8       0x18 ./Drivers/STM32F4xx_HAL_Driver/Src/stm32f4xx_hal_rcc.o
                0x080038a8                HAL_RCC_GetHCLKFreq
 .text.HAL_RCC_GetPCLK1Freq
                0x080038c0       0x28 ./Drivers/STM32F4xx_HAL_Driver/Src/stm32f4xx_hal_rcc.o
                0x080038c0                HAL_RCC_GetPCLK1Freq
 .text.HAL_RCCEx_PeriphCLKConfig
                0x080038e8      0x380 ./Drivers/STM32F4xx_HAL_Driver/Src/stm32f4xx_hal_rcc_ex.o
                0x080038e8                HAL_RCCEx_PeriphCLKConfig
 .text.HAL_RNG_Init
                0x08003c68       0x54 ./Drivers/STM32F4xx_HAL_Driver/Src/stm32f4xx_hal_rng.o
                0x08003c68                HAL_RNG_Init
 .text.HAL_SPI_Init
                0x08003cbc      0x112 ./Drivers/STM32F4xx_HAL_Driver/Src/stm32f4xx_hal_spi.o
                0x08003cbc                HAL_SPI_Init
 .text.HAL_SPI_DeInit
                0x08003dce       0x50 ./Drivers/STM32F4xx_HAL_Driver/Src/stm32f4xx_hal_spi.o
                0x08003dce                HAL_SPI_DeInit
 .text.HAL_SPI_Transmit
                0x08003e1e      0x288 ./Drivers/STM32F4xx_HAL_Driver/Src/stm32f4xx_hal_spi.o
                0x08003e1e                HAL_SPI_Transmit
 .text.HAL_SPI_GetState
                0x080040a6       0x1c ./Drivers/STM32F4xx_HAL_Driver/Src/stm32f4xx_hal_spi.o
                0x080040a6                HAL_SPI_GetState
 *fill*         0x080040c2        0x2 
 .text.SPI_WaitFlagStateUntilTimeout
                0x080040c4      0x110 ./Drivers/STM32F4xx_HAL_Driver/Src/stm32f4xx_hal_spi.o
 .text.SPI_EndRxTxTransaction
                0x080041d4       0xa8 ./Drivers/STM32F4xx_HAL_Driver/Src/stm32f4xx_hal_spi.o
 .text.HAL_TIM_Base_Init
                0x0800427c       0x9e ./Drivers/STM32F4xx_HAL_Driver/Src/stm32f4xx_hal_tim.o
                0x0800427c                HAL_TIM_Base_Init
 .text.HAL_TIM_ConfigClockSource
                0x0800431a      0x18e ./Drivers/STM32F4xx_HAL_Driver/Src/stm32f4xx_hal_tim.o
                0x0800431a                HAL_TIM_ConfigClockSource
 .text.TIM_Base_SetConfig
                0x080044a8      0x158 ./Drivers/STM32F4xx_HAL_Driver/Src/stm32f4xx_hal_tim.o
                0x080044a8                TIM_Base_SetConfig
 .text.TIM_TI1_ConfigInputStage
                0x08004600       0x5e ./Drivers/STM32F4xx_HAL_Driver/Src/stm32f4xx_hal_tim.o
 .text.TIM_TI2_ConfigInputStage
                0x0800465e       0x60 ./Drivers/STM32F4xx_HAL_Driver/Src/stm32f4xx_hal_tim.o
 .text.TIM_ITRx_SetConfig
                0x080046be       0x36 ./Drivers/STM32F4xx_HAL_Driver/Src/stm32f4xx_hal_tim.o
 .text.TIM_ETR_SetConfig
                0x080046f4       0x40 ./Drivers/STM32F4xx_HAL_Driver/Src/stm32f4xx_hal_tim.o
                0x080046f4                TIM_ETR_SetConfig
 .text.HAL_TIMEx_MasterConfigSynchronization
                0x08004734       0xf8 ./Drivers/STM32F4xx_HAL_Driver/Src/stm32f4xx_hal_tim_ex.o
                0x08004734                HAL_TIMEx_MasterConfigSynchronization
 .text.memset   0x0800482c       0x10 C:/ST/STM32CubeIDE_1.16.1/STM32CubeIDE/plugins/com.st.stm32cube.ide.mcu.externaltools.gnu-tools-for-stm32.12.3.rel1.win32_1.0.200.202406191623/tools/bin/../lib/gcc/arm-none-eabi/12.3.1/../../../../arm-none-eabi/lib/thumb/v7e-m+fp/hard\libc_nano.a(libc_a-memset.o)
                0x0800482c                memset
 .text.__libc_init_array
                0x0800483c       0x48 C:/ST/STM32CubeIDE_1.16.1/STM32CubeIDE/plugins/com.st.stm32cube.ide.mcu.externaltools.gnu-tools-for-stm32.12.3.rel1.win32_1.0.200.202406191623/tools/bin/../lib/gcc/arm-none-eabi/12.3.1/../../../../arm-none-eabi/lib/thumb/v7e-m+fp/hard\libc_nano.a(libc_a-init.o)
                0x0800483c                __libc_init_array
 *(.glue_7)
 .glue_7        0x08004884        0x0 linker stubs
 *(.glue_7t)
 .glue_7t       0x08004884        0x0 linker stubs
 *(.eh_frame)
 .eh_frame      0x08004884        0x0 C:/ST/STM32CubeIDE_1.16.1/STM32CubeIDE/plugins/com.st.stm32cube.ide.mcu.externaltools.gnu-tools-for-stm32.12.3.rel1.win32_1.0.200.202406191623/tools/bin/../lib/gcc/arm-none-eabi/12.3.1/thumb/v7e-m+fp/hard/crtbegin.o
 *(.init)
 .init          0x08004884        0x4 C:/ST/STM32CubeIDE_1.16.1/STM32CubeIDE/plugins/com.st.stm32cube.ide.mcu.externaltools.gnu-tools-for-stm32.12.3.rel1.win32_1.0.200.202406191623/tools/bin/../lib/gcc/arm-none-eabi/12.3.1/thumb/v7e-m+fp/hard/crti.o
                0x08004884                _init
 .init          0x08004888        0x8 C:/ST/STM32CubeIDE_1.16.1/STM32CubeIDE/plugins/com.st.stm32cube.ide.mcu.externaltools.gnu-tools-for-stm32.12.3.rel1.win32_1.0.200.202406191623/tools/bin/../lib/gcc/arm-none-eabi/12.3.1/thumb/v7e-m+fp/hard/crtn.o
 *(.fini)
 .fini          0x08004890        0x4 C:/ST/STM32CubeIDE_1.16.1/STM32CubeIDE/plugins/com.st.stm32cube.ide.mcu.externaltools.gnu-tools-for-stm32.12.3.rel1.win32_1.0.200.202406191623/tools/bin/../lib/gcc/arm-none-eabi/12.3.1/thumb/v7e-m+fp/hard/crti.o
                0x08004890                _fini
 .fini          0x08004894        0x8 C:/ST/STM32CubeIDE_1.16.1/STM32CubeIDE/plugins/com.st.stm32cube.ide.mcu.externaltools.gnu-tools-for-stm32.12.3.rel1.win32_1.0.200.202406191623/tools/bin/../lib/gcc/arm-none-eabi/12.3.1/thumb/v7e-m+fp/hard/crtn.o
                0x0800489c                        . = ALIGN (0x4)
                0x0800489c                        _etext = .

.vfp11_veneer   0x0800489c        0x0
 .vfp11_veneer  0x0800489c        0x0 linker stubs

.v4_bx          0x0800489c        0x0
 .v4_bx         0x0800489c        0x0 linker stubs

.iplt           0x0800489c        0x0
 .iplt          0x0800489c        0x0 C:/ST/STM32CubeIDE_1.16.1/STM32CubeIDE/plugins/com.st.stm32cube.ide.mcu.externaltools.gnu-tools-for-stm32.12.3.rel1.win32_1.0.200.202406191623/tools/bin/../lib/gcc/arm-none-eabi/12.3.1/thumb/v7e-m+fp/hard/crtbegin.o

.rodata         0x0800489c     0x11e8
                0x0800489c                        . = ALIGN (0x4)
 *(.rodata)
 *(.rodata*)
 .rodata.ASCII16x24_Table
                0x0800489c     0x11d0 ./Core/Src/fonts.o
                0x0800489c                ASCII16x24_Table
 .rodata.AHBPrescTable
                0x08005a6c       0x10 ./Core/Src/system_stm32f4xx.o
                0x08005a6c                AHBPrescTable
 .rodata.APBPrescTable
                0x08005a7c        0x8 ./Core/Src/system_stm32f4xx.o
                0x08005a7c                APBPrescTable
                0x08005a84                        . = ALIGN (0x4)

.ARM.extab      0x08005a84        0x0
                0x08005a84                        . = ALIGN (0x4)
 *(.ARM.extab* .gnu.linkonce.armextab.*)
                0x08005a84                        . = ALIGN (0x4)

.ARM            0x08005a84        0x8
                0x08005a84                        . = ALIGN (0x4)
                0x08005a84                        __exidx_start = .
 *(.ARM.exidx*)
 .ARM.exidx     0x08005a84        0x8 C:/ST/STM32CubeIDE_1.16.1/STM32CubeIDE/plugins/com.st.stm32cube.ide.mcu.externaltools.gnu-tools-for-stm32.12.3.rel1.win32_1.0.200.202406191623/tools/bin/../lib/gcc/arm-none-eabi/12.3.1/thumb/v7e-m+fp/hard\libgcc.a(_udivmoddi4.o)
                0x08005a8c                        __exidx_end = .
                0x08005a8c                        . = ALIGN (0x4)

.preinit_array  0x08005a8c        0x0
                0x08005a8c                        . = ALIGN (0x4)
                0x08005a8c                        PROVIDE (__preinit_array_start = .)
 *(.preinit_array*)
                0x08005a8c                        PROVIDE (__preinit_array_end = .)
                0x08005a8c                        . = ALIGN (0x4)

.init_array     0x08005a8c        0x4
                0x08005a8c                        . = ALIGN (0x4)
                0x08005a8c                        PROVIDE (__init_array_start = .)
 *(SORT_BY_NAME(.init_array.*))
 *(.init_array*)
 .init_array    0x08005a8c        0x4 C:/ST/STM32CubeIDE_1.16.1/STM32CubeIDE/plugins/com.st.stm32cube.ide.mcu.externaltools.gnu-tools-for-stm32.12.3.rel1.win32_1.0.200.202406191623/tools/bin/../lib/gcc/arm-none-eabi/12.3.1/thumb/v7e-m+fp/hard/crtbegin.o
                0x08005a90                        PROVIDE (__init_array_end = .)
                0x08005a90                        . = ALIGN (0x4)

.fini_array     0x08005a90        0x4
                0x08005a90                        . = ALIGN (0x4)
                [!provide]                        PROVIDE (__fini_array_start = .)
 *(SORT_BY_NAME(.fini_array.*))
 *(.fini_array*)
 .fini_array    0x08005a90        0x4 C:/ST/STM32CubeIDE_1.16.1/STM32CubeIDE/plugins/com.st.stm32cube.ide.mcu.externaltools.gnu-tools-for-stm32.12.3.rel1.win32_1.0.200.202406191623/tools/bin/../lib/gcc/arm-none-eabi/12.3.1/thumb/v7e-m+fp/hard/crtbegin.o
                [!provide]                        PROVIDE (__fini_array_end = .)
                0x08005a94                        . = ALIGN (0x4)
                0x08005a94                        _sidata = LOADADDR (.data)

.rel.dyn        0x08005a94        0x0
 .rel.iplt      0x08005a94        0x0 C:/ST/STM32CubeIDE_1.16.1/STM32CubeIDE/plugins/com.st.stm32cube.ide.mcu.externaltools.gnu-tools-for-stm32.12.3.rel1.win32_1.0.200.202406191623/tools/bin/../lib/gcc/arm-none-eabi/12.3.1/thumb/v7e-m+fp/hard/crtbegin.o

.data           0x20000000       0x1c load address 0x08005a94
                0x20000000                        . = ALIGN (0x4)
                0x20000000                        _sdata = .
 *(.data)
 *(.data*)
 .data.CurrentTextColor
                0x20000000        0x2 ./Core/Src/LCD_Driver.o
 *fill*         0x20000002        0x2 
 .data.Font16x24
                0x20000004        0x8 ./Core/Src/fonts.o
                0x20000004                Font16x24
 .data.SpiTimeout
                0x2000000c        0x4 ./Core/Src/ili9341.o
                0x2000000c                SpiTimeout
 .data.SystemCoreClock
                0x20000010        0x4 ./Core/Src/system_stm32f4xx.o
                0x20000010                SystemCoreClock
 .data.uwTickPrio
                0x20000014        0x4 ./Drivers/STM32F4xx_HAL_Driver/Src/stm32f4xx_hal.o
                0x20000014                uwTickPrio
 .data.uwTickFreq
                0x20000018        0x1 ./Drivers/STM32F4xx_HAL_Driver/Src/stm32f4xx_hal.o
                0x20000018                uwTickFreq
 *(.RamFunc)
 *(.RamFunc*)
                0x2000001c                        . = ALIGN (0x4)
 *fill*         0x20000019        0x3 
                0x2000001c                        _edata = .
                0x08005ab0                        _siccmram = LOADADDR (.ccmram)

.igot.plt       0x2000001c        0x0 load address 0x08005ab0
 .igot.plt      0x2000001c        0x0 C:/ST/STM32CubeIDE_1.16.1/STM32CubeIDE/plugins/com.st.stm32cube.ide.mcu.externaltools.gnu-tools-for-stm32.12.3.rel1.win32_1.0.200.202406191623/tools/bin/../lib/gcc/arm-none-eabi/12.3.1/thumb/v7e-m+fp/hard/crtbegin.o

.ccmram         0x10000000        0x0 load address 0x08005ab0
                0x10000000                        . = ALIGN (0x4)
                0x10000000                        _sccmram = .
 *(.ccmram)
 *(.ccmram*)
                0x10000000                        . = ALIGN (0x4)
                0x10000000                        _eccmram = .
                0x10000000                        . = ALIGN (0x4)

.bss            0x2000001c    0x25b04
                0x2000001c                        _sbss = .
                0x2000001c                        __bss_start__ = _sbss
 *(.bss)
 .bss           0x2000001c       0x1c C:/ST/STM32CubeIDE_1.16.1/STM32CubeIDE/plugins/com.st.stm32cube.ide.mcu.externaltools.gnu-tools-for-stm32.12.3.rel1.win32_1.0.200.202406191623/tools/bin/../lib/gcc/arm-none-eabi/12.3.1/thumb/v7e-m+fp/hard/crtbegin.o
 *(.bss*)
 .bss.hltdc     0x20000038       0xa8 ./Core/Src/LCD_Driver.o
 .bss.PeriphClkInitStruct
                0x200000e0       0x30 ./Core/Src/LCD_Driver.o
 .bss.LCD_Currentfonts
                0x20000110        0x4 ./Core/Src/LCD_Driver.o
 .bss.frameBuffer
                0x20000114    0x25800 ./Core/Src/LCD_Driver.o
                0x20000114                frameBuffer
 .bss.SpiHandle
                0x20025914       0x58 ./Core/Src/ili9341.o
 .bss.Is_LCD_IO_Initialized
                0x2002596c        0x1 ./Core/Src/ili9341.o
 *fill*         0x2002596d        0x3 
 .bss.hi2c3     0x20025970       0x54 ./Core/Src/main.o
                0x20025970                hi2c3
 .bss.hltdc     0x200259c4       0xa8 ./Core/Src/main.o
                0x200259c4                hltdc
 .bss.hrng      0x20025a6c       0x10 ./Core/Src/main.o
                0x20025a6c                hrng
 .bss.hspi5     0x20025a7c       0x58 ./Core/Src/main.o
                0x20025a7c                hspi5
 .bss.htim2     0x20025ad4       0x48 ./Core/Src/main.o
                0x20025ad4                htim2
 .bss.uwTick    0x20025b1c        0x4 ./Drivers/STM32F4xx_HAL_Driver/Src/stm32f4xx_hal.o
                0x20025b1c                uwTick
 *(COMMON)
                0x20025b20                        . = ALIGN (0x4)
                0x20025b20                        _ebss = .
                0x20025b20                        __bss_end__ = _ebss

._user_heap_stack
                0x20025b20      0x600
                0x20025b20                        . = ALIGN (0x8)
                [!provide]                        PROVIDE (end = .)
                0x20025b20                        PROVIDE (_end = .)
                0x20025d20                        . = (. + _Min_Heap_Size)
 *fill*         0x20025b20      0x200 
                0x20026120                        . = (. + _Min_Stack_Size)
 *fill*         0x20025d20      0x400 
                0x20026120                        . = ALIGN (0x8)

/DISCARD/
 libc.a(*)
 libm.a(*)
 libgcc.a(*)

.ARM.attributes
                0x00000000       0x30
 *(.ARM.attributes)
 .ARM.attributes
                0x00000000       0x22 C:/ST/STM32CubeIDE_1.16.1/STM32CubeIDE/plugins/com.st.stm32cube.ide.mcu.externaltools.gnu-tools-for-stm32.12.3.rel1.win32_1.0.200.202406191623/tools/bin/../lib/gcc/arm-none-eabi/12.3.1/thumb/v7e-m+fp/hard/crti.o
 .ARM.attributes
                0x00000022       0x34 C:/ST/STM32CubeIDE_1.16.1/STM32CubeIDE/plugins/com.st.stm32cube.ide.mcu.externaltools.gnu-tools-for-stm32.12.3.rel1.win32_1.0.200.202406191623/tools/bin/../lib/gcc/arm-none-eabi/12.3.1/thumb/v7e-m+fp/hard/crtbegin.o
 .ARM.attributes
                0x00000056       0x34 ./Core/Src/ApplicationCode.o
 .ARM.attributes
                0x0000008a       0x34 ./Core/Src/LCD_Driver.o
 .ARM.attributes
                0x000000be       0x34 ./Core/Src/fonts.o
 .ARM.attributes
                0x000000f2       0x34 ./Core/Src/ili9341.o
 .ARM.attributes
                0x00000126       0x34 ./Core/Src/main.o
 .ARM.attributes
                0x0000015a       0x34 ./Core/Src/stm32f4xx_hal_msp.o
 .ARM.attributes
                0x0000018e       0x34 ./Core/Src/stm32f4xx_it.o
 .ARM.attributes
                0x000001c2       0x34 ./Core/Src/syscalls.o
 .ARM.attributes
                0x000001f6       0x34 ./Core/Src/system_stm32f4xx.o
 .ARM.attributes
                0x0000022a       0x21 ./Core/Startup/startup_stm32f429zitx.o
 .ARM.attributes
                0x0000024b       0x34 ./Drivers/STM32F4xx_HAL_Driver/Src/stm32f4xx_hal.o
 .ARM.attributes
                0x0000027f       0x34 ./Drivers/STM32F4xx_HAL_Driver/Src/stm32f4xx_hal_cortex.o
 .ARM.attributes
                0x000002b3       0x34 ./Drivers/STM32F4xx_HAL_Driver/Src/stm32f4xx_hal_gpio.o
 .ARM.attributes
                0x000002e7       0x34 ./Drivers/STM32F4xx_HAL_Driver/Src/stm32f4xx_hal_i2c.o
 .ARM.attributes
                0x0000031b       0x34 ./Drivers/STM32F4xx_HAL_Driver/Src/stm32f4xx_hal_i2c_ex.o
 .ARM.attributes
                0x0000034f       0x34 ./Drivers/STM32F4xx_HAL_Driver/Src/stm32f4xx_hal_ltdc.o
 .ARM.attributes
                0x00000383       0x34 ./Drivers/STM32F4xx_HAL_Driver/Src/stm32f4xx_hal_rcc.o
 .ARM.attributes
                0x000003b7       0x34 ./Drivers/STM32F4xx_HAL_Driver/Src/stm32f4xx_hal_rcc_ex.o
 .ARM.attributes
                0x000003eb       0x34 ./Drivers/STM32F4xx_HAL_Driver/Src/stm32f4xx_hal_rng.o
 .ARM.attributes
                0x0000041f       0x34 ./Drivers/STM32F4xx_HAL_Driver/Src/stm32f4xx_hal_spi.o
 .ARM.attributes
                0x00000453       0x34 ./Drivers/STM32F4xx_HAL_Driver/Src/stm32f4xx_hal_tim.o
 .ARM.attributes
                0x00000487       0x34 ./Drivers/STM32F4xx_HAL_Driver/Src/stm32f4xx_hal_tim_ex.o
 .ARM.attributes
                0x000004bb       0x34 C:/ST/STM32CubeIDE_1.16.1/STM32CubeIDE/plugins/com.st.stm32cube.ide.mcu.externaltools.gnu-tools-for-stm32.12.3.rel1.win32_1.0.200.202406191623/tools/bin/../lib/gcc/arm-none-eabi/12.3.1/../../../../arm-none-eabi/lib/thumb/v7e-m+fp/hard\libc_nano.a(libc_a-memset.o)
 .ARM.attributes
                0x000004ef       0x34 C:/ST/STM32CubeIDE_1.16.1/STM32CubeIDE/plugins/com.st.stm32cube.ide.mcu.externaltools.gnu-tools-for-stm32.12.3.rel1.win32_1.0.200.202406191623/tools/bin/../lib/gcc/arm-none-eabi/12.3.1/../../../../arm-none-eabi/lib/thumb/v7e-m+fp/hard\libc_nano.a(libc_a-init.o)
 .ARM.attributes
                0x00000523       0x22 C:/ST/STM32CubeIDE_1.16.1/STM32CubeIDE/plugins/com.st.stm32cube.ide.mcu.externaltools.gnu-tools-for-stm32.12.3.rel1.win32_1.0.200.202406191623/tools/bin/../lib/gcc/arm-none-eabi/12.3.1/thumb/v7e-m+fp/hard\libgcc.a(_aeabi_uldivmod.o)
 .ARM.attributes
                0x00000545       0x34 C:/ST/STM32CubeIDE_1.16.1/STM32CubeIDE/plugins/com.st.stm32cube.ide.mcu.externaltools.gnu-tools-for-stm32.12.3.rel1.win32_1.0.200.202406191623/tools/bin/../lib/gcc/arm-none-eabi/12.3.1/thumb/v7e-m+fp/hard\libgcc.a(_udivmoddi4.o)
 .ARM.attributes
                0x00000579       0x22 C:/ST/STM32CubeIDE_1.16.1/STM32CubeIDE/plugins/com.st.stm32cube.ide.mcu.externaltools.gnu-tools-for-stm32.12.3.rel1.win32_1.0.200.202406191623/tools/bin/../lib/gcc/arm-none-eabi/12.3.1/thumb/v7e-m+fp/hard\libgcc.a(_dvmd_tls.o)
 .ARM.attributes
                0x0000059b       0x22 C:/ST/STM32CubeIDE_1.16.1/STM32CubeIDE/plugins/com.st.stm32cube.ide.mcu.externaltools.gnu-tools-for-stm32.12.3.rel1.win32_1.0.200.202406191623/tools/bin/../lib/gcc/arm-none-eabi/12.3.1/thumb/v7e-m+fp/hard/crtn.o
OUTPUT(SWalkerLab6.elf elf32-littlearm)
LOAD linker stubs
LOAD C:/ST/STM32CubeIDE_1.16.1/STM32CubeIDE/plugins/com.st.stm32cube.ide.mcu.externaltools.gnu-tools-for-stm32.12.3.rel1.win32_1.0.200.202406191623/tools/bin/../lib/gcc/arm-none-eabi/12.3.1/../../../../arm-none-eabi/lib/thumb/v7e-m+fp/hard\libc.a
LOAD C:/ST/STM32CubeIDE_1.16.1/STM32CubeIDE/plugins/com.st.stm32cube.ide.mcu.externaltools.gnu-tools-for-stm32.12.3.rel1.win32_1.0.200.202406191623/tools/bin/../lib/gcc/arm-none-eabi/12.3.1/../../../../arm-none-eabi/lib/thumb/v7e-m+fp/hard\libm.a
LOAD C:/ST/STM32CubeIDE_1.16.1/STM32CubeIDE/plugins/com.st.stm32cube.ide.mcu.externaltools.gnu-tools-for-stm32.12.3.rel1.win32_1.0.200.202406191623/tools/bin/../lib/gcc/arm-none-eabi/12.3.1/thumb/v7e-m+fp/hard\libgcc.a

.debug_info     0x00000000    0x11b44
 .debug_info    0x00000000      0x10c ./Core/Src/ApplicationCode.o
 .debug_info    0x0000010c      0xdd6 ./Core/Src/LCD_Driver.o
 .debug_info    0x00000ee2      0x145 ./Core/Src/fonts.o
 .debug_info    0x00001027      0xc85 ./Core/Src/ili9341.o
 .debug_info    0x00001cac     0x1980 ./Core/Src/main.o
 .debug_info    0x0000362c     0x17b6 ./Core/Src/stm32f4xx_hal_msp.o
 .debug_info    0x00004de2      0x112 ./Core/Src/stm32f4xx_it.o
 .debug_info    0x00004ef4      0x6a3 ./Core/Src/syscalls.o
 .debug_info    0x00005597      0x52e ./Core/Src/system_stm32f4xx.o
 .debug_info    0x00005ac5       0x30 ./Core/Startup/startup_stm32f429zitx.o
 .debug_info    0x00005af5      0x9ba ./Drivers/STM32F4xx_HAL_Driver/Src/stm32f4xx_hal.o
 .debug_info    0x000064af      0xdc2 ./Drivers/STM32F4xx_HAL_Driver/Src/stm32f4xx_hal_cortex.o
 .debug_info    0x00007271      0x6db ./Drivers/STM32F4xx_HAL_Driver/Src/stm32f4xx_hal_gpio.o
 .debug_info    0x0000794c     0x2421 ./Drivers/STM32F4xx_HAL_Driver/Src/stm32f4xx_hal_i2c.o
 .debug_info    0x00009d6d      0x672 ./Drivers/STM32F4xx_HAL_Driver/Src/stm32f4xx_hal_i2c_ex.o
 .debug_info    0x0000a3df     0x1022 ./Drivers/STM32F4xx_HAL_Driver/Src/stm32f4xx_hal_ltdc.o
 .debug_info    0x0000b401      0x8c7 ./Drivers/STM32F4xx_HAL_Driver/Src/stm32f4xx_hal_rcc.o
 .debug_info    0x0000bcc8      0x64c ./Drivers/STM32F4xx_HAL_Driver/Src/stm32f4xx_hal_rcc_ex.o
 .debug_info    0x0000c314      0x493 ./Drivers/STM32F4xx_HAL_Driver/Src/stm32f4xx_hal_rng.o
 .debug_info    0x0000c7a7     0x1525 ./Drivers/STM32F4xx_HAL_Driver/Src/stm32f4xx_hal_spi.o
 .debug_info    0x0000dccc     0x299d ./Drivers/STM32F4xx_HAL_Driver/Src/stm32f4xx_hal_tim.o
 .debug_info    0x00010669     0x14db ./Drivers/STM32F4xx_HAL_Driver/Src/stm32f4xx_hal_tim_ex.o

.debug_abbrev   0x00000000     0x2a64
 .debug_abbrev  0x00000000       0x87 ./Core/Src/ApplicationCode.o
 .debug_abbrev  0x00000087      0x2c7 ./Core/Src/LCD_Driver.o
 .debug_abbrev  0x0000034e       0xc6 ./Core/Src/fonts.o
 .debug_abbrev  0x00000414      0x2c9 ./Core/Src/ili9341.o
 .debug_abbrev  0x000006dd      0x2e8 ./Core/Src/main.o
 .debug_abbrev  0x000009c5      0x25c ./Core/Src/stm32f4xx_hal_msp.o
 .debug_abbrev  0x00000c21       0x73 ./Core/Src/stm32f4xx_it.o
 .debug_abbrev  0x00000c94      0x1b6 ./Core/Src/syscalls.o
 .debug_abbrev  0x00000e4a      0x11a ./Core/Src/system_stm32f4xx.o
 .debug_abbrev  0x00000f64       0x24 ./Core/Startup/startup_stm32f429zitx.o
 .debug_abbrev  0x00000f88      0x214 ./Drivers/STM32F4xx_HAL_Driver/Src/stm32f4xx_hal.o
 .debug_abbrev  0x0000119c      0x31d ./Drivers/STM32F4xx_HAL_Driver/Src/stm32f4xx_hal_cortex.o
 .debug_abbrev  0x000014b9      0x1d4 ./Drivers/STM32F4xx_HAL_Driver/Src/stm32f4xx_hal_gpio.o
 .debug_abbrev  0x0000168d      0x2ad ./Drivers/STM32F4xx_HAL_Driver/Src/stm32f4xx_hal_i2c.o
 .debug_abbrev  0x0000193a      0x157 ./Drivers/STM32F4xx_HAL_Driver/Src/stm32f4xx_hal_i2c_ex.o
 .debug_abbrev  0x00001a91      0x233 ./Drivers/STM32F4xx_HAL_Driver/Src/stm32f4xx_hal_ltdc.o
 .debug_abbrev  0x00001cc4      0x2b7 ./Drivers/STM32F4xx_HAL_Driver/Src/stm32f4xx_hal_rcc.o
 .debug_abbrev  0x00001f7b      0x1b0 ./Drivers/STM32F4xx_HAL_Driver/Src/stm32f4xx_hal_rcc_ex.o
 .debug_abbrev  0x0000212b      0x1c4 ./Drivers/STM32F4xx_HAL_Driver/Src/stm32f4xx_hal_rng.o
 .debug_abbrev  0x000022ef      0x27a ./Drivers/STM32F4xx_HAL_Driver/Src/stm32f4xx_hal_spi.o
 .debug_abbrev  0x00002569      0x278 ./Drivers/STM32F4xx_HAL_Driver/Src/stm32f4xx_hal_tim.o
 .debug_abbrev  0x000027e1      0x283 ./Drivers/STM32F4xx_HAL_Driver/Src/stm32f4xx_hal_tim_ex.o

.debug_aranges  0x00000000     0x12b0
 .debug_aranges
                0x00000000       0x28 ./Core/Src/ApplicationCode.o
 .debug_aranges
                0x00000028       0x88 ./Core/Src/LCD_Driver.o
 .debug_aranges
                0x000000b0       0x18 ./Core/Src/fonts.o
 .debug_aranges
                0x000000c8       0x98 ./Core/Src/ili9341.o
 .debug_aranges
                0x00000160       0x68 ./Core/Src/main.o
 .debug_aranges
                0x000001c8       0x70 ./Core/Src/stm32f4xx_hal_msp.o
 .debug_aranges
                0x00000238       0x60 ./Core/Src/stm32f4xx_it.o
 .debug_aranges
                0x00000298       0xa8 ./Core/Src/syscalls.o
 .debug_aranges
                0x00000340       0x28 ./Core/Src/system_stm32f4xx.o
 .debug_aranges
                0x00000368       0x28 ./Core/Startup/startup_stm32f429zitx.o
 .debug_aranges
                0x00000390      0x100 ./Drivers/STM32F4xx_HAL_Driver/Src/stm32f4xx_hal.o
 .debug_aranges
                0x00000490      0x130 ./Drivers/STM32F4xx_HAL_Driver/Src/stm32f4xx_hal_cortex.o
 .debug_aranges
                0x000005c0       0x58 ./Drivers/STM32F4xx_HAL_Driver/Src/stm32f4xx_hal_gpio.o
 .debug_aranges
                0x00000618      0x2a8 ./Drivers/STM32F4xx_HAL_Driver/Src/stm32f4xx_hal_i2c.o
 .debug_aranges
                0x000008c0       0x28 ./Drivers/STM32F4xx_HAL_Driver/Src/stm32f4xx_hal_i2c_ex.o
 .debug_aranges
                0x000008e8      0x158 ./Drivers/STM32F4xx_HAL_Driver/Src/stm32f4xx_hal_ltdc.o
 .debug_aranges
                0x00000a40       0x88 ./Drivers/STM32F4xx_HAL_Driver/Src/stm32f4xx_hal_rcc.o
 .debug_aranges
                0x00000ac8       0x58 ./Drivers/STM32F4xx_HAL_Driver/Src/stm32f4xx_hal_rcc_ex.o
 .debug_aranges
                0x00000b20       0x88 ./Drivers/STM32F4xx_HAL_Driver/Src/stm32f4xx_hal_rng.o
 .debug_aranges
                0x00000ba8      0x1d0 ./Drivers/STM32F4xx_HAL_Driver/Src/stm32f4xx_hal_spi.o
 .debug_aranges
                0x00000d78      0x3d0 ./Drivers/STM32F4xx_HAL_Driver/Src/stm32f4xx_hal_tim.o
 .debug_aranges
                0x00001148      0x168 ./Drivers/STM32F4xx_HAL_Driver/Src/stm32f4xx_hal_tim_ex.o

.debug_rnglists
                0x00000000      0xe73
 .debug_rnglists
                0x00000000       0x19 ./Core/Src/ApplicationCode.o
 .debug_rnglists
                0x00000019       0x67 ./Core/Src/LCD_Driver.o
 .debug_rnglists
                0x00000080       0x6f ./Core/Src/ili9341.o
 .debug_rnglists
                0x000000ef       0x4f ./Core/Src/main.o
 .debug_rnglists
                0x0000013e       0x53 ./Core/Src/stm32f4xx_hal_msp.o
 .debug_rnglists
                0x00000191       0x43 ./Core/Src/stm32f4xx_it.o
 .debug_rnglists
                0x000001d4       0x79 ./Core/Src/syscalls.o
 .debug_rnglists
                0x0000024d       0x1a ./Core/Src/system_stm32f4xx.o
 .debug_rnglists
                0x00000267       0x19 ./Core/Startup/startup_stm32f429zitx.o
 .debug_rnglists
                0x00000280       0xbb ./Drivers/STM32F4xx_HAL_Driver/Src/stm32f4xx_hal.o
 .debug_rnglists
                0x0000033b       0xe0 ./Drivers/STM32F4xx_HAL_Driver/Src/stm32f4xx_hal_cortex.o
 .debug_rnglists
                0x0000041b       0x3f ./Drivers/STM32F4xx_HAL_Driver/Src/stm32f4xx_hal_gpio.o
 .debug_rnglists
                0x0000045a      0x23c ./Drivers/STM32F4xx_HAL_Driver/Src/stm32f4xx_hal_i2c.o
 .debug_rnglists
                0x00000696       0x19 ./Drivers/STM32F4xx_HAL_Driver/Src/stm32f4xx_hal_i2c_ex.o
 .debug_rnglists
                0x000006af      0x10a ./Drivers/STM32F4xx_HAL_Driver/Src/stm32f4xx_hal_ltdc.o
 .debug_rnglists
                0x000007b9       0x66 ./Drivers/STM32F4xx_HAL_Driver/Src/stm32f4xx_hal_rcc.o
 .debug_rnglists
                0x0000081f       0x43 ./Drivers/STM32F4xx_HAL_Driver/Src/stm32f4xx_hal_rcc_ex.o
 .debug_rnglists
                0x00000862       0x63 ./Drivers/STM32F4xx_HAL_Driver/Src/stm32f4xx_hal_rng.o
 .debug_rnglists
                0x000008c5      0x16f ./Drivers/STM32F4xx_HAL_Driver/Src/stm32f4xx_hal_spi.o
 .debug_rnglists
                0x00000a34      0x31a ./Drivers/STM32F4xx_HAL_Driver/Src/stm32f4xx_hal_tim.o
 .debug_rnglists
                0x00000d4e      0x125 ./Drivers/STM32F4xx_HAL_Driver/Src/stm32f4xx_hal_tim_ex.o

.debug_macro    0x00000000    0x26693
 .debug_macro   0x00000000      0x327 ./Core/Src/ApplicationCode.o
 .debug_macro   0x00000327      0xab4 ./Core/Src/ApplicationCode.o
 .debug_macro   0x00000ddb      0x2ad ./Core/Src/ApplicationCode.o
 .debug_macro   0x00001088       0x2e ./Core/Src/ApplicationCode.o
 .debug_macro   0x000010b6       0x28 ./Core/Src/ApplicationCode.o
 .debug_macro   0x000010de       0x22 ./Core/Src/ApplicationCode.o
 .debug_macro   0x00001100       0x8e ./Core/Src/ApplicationCode.o
 .debug_macro   0x0000118e       0x51 ./Core/Src/ApplicationCode.o
 .debug_macro   0x000011df      0x103 ./Core/Src/ApplicationCode.o
 .debug_macro   0x000012e2       0x6a ./Core/Src/ApplicationCode.o
 .debug_macro   0x0000134c      0x1df ./Core/Src/ApplicationCode.o
 .debug_macro   0x0000152b       0x1c ./Core/Src/ApplicationCode.o
 .debug_macro   0x00001547       0x22 ./Core/Src/ApplicationCode.o
 .debug_macro   0x00001569       0xfb ./Core/Src/ApplicationCode.o
 .debug_macro   0x00001664     0x1011 ./Core/Src/ApplicationCode.o
 .debug_macro   0x00002675      0x11f ./Core/Src/ApplicationCode.o
 .debug_macro   0x00002794    0x17fd8 ./Core/Src/ApplicationCode.o
 .debug_macro   0x0001a76c       0x6d ./Core/Src/ApplicationCode.o
 .debug_macro   0x0001a7d9     0x3711 ./Core/Src/ApplicationCode.o
 .debug_macro   0x0001deea      0x189 ./Core/Src/ApplicationCode.o
 .debug_macro   0x0001e073       0x5c ./Core/Src/ApplicationCode.o
 .debug_macro   0x0001e0cf      0xcba ./Core/Src/ApplicationCode.o
 .debug_macro   0x0001ed89      0x9e9 ./Core/Src/ApplicationCode.o
 .debug_macro   0x0001f772      0x115 ./Core/Src/ApplicationCode.o
 .debug_macro   0x0001f887      0x156 ./Core/Src/ApplicationCode.o
 .debug_macro   0x0001f9dd       0xa5 ./Core/Src/ApplicationCode.o
 .debug_macro   0x0001fa82      0x182 ./Core/Src/ApplicationCode.o
 .debug_macro   0x0001fc04      0x287 ./Core/Src/ApplicationCode.o
 .debug_macro   0x0001fe8b       0x5f ./Core/Src/ApplicationCode.o
 .debug_macro   0x0001feea      0x236 ./Core/Src/ApplicationCode.o
 .debug_macro   0x00020120      0x132 ./Core/Src/ApplicationCode.o
 .debug_macro   0x00020252      0x41d ./Core/Src/ApplicationCode.o
 .debug_macro   0x0002066f       0x2e ./Core/Src/ApplicationCode.o
 .debug_macro   0x0002069d      0x1b5 ./Core/Src/ApplicationCode.o
 .debug_macro   0x00020852       0x22 ./Core/Src/ApplicationCode.o
 .debug_macro   0x00020874       0xd6 ./Core/Src/ApplicationCode.o
 .debug_macro   0x0002094a      0x198 ./Core/Src/ApplicationCode.o
 .debug_macro   0x00020ae2       0xd6 ./Core/Src/ApplicationCode.o
 .debug_macro   0x00020bb8      0x127 ./Core/Src/ApplicationCode.o
 .debug_macro   0x00020cdf       0xe2 ./Core/Src/ApplicationCode.o
 .debug_macro   0x00020dc1       0x89 ./Core/Src/ApplicationCode.o
 .debug_macro   0x00020e4a       0xa4 ./Core/Src/ApplicationCode.o
 .debug_macro   0x00020eee      0x225 ./Core/Src/ApplicationCode.o
 .debug_macro   0x00021113      0x8ed ./Core/Src/ApplicationCode.o
 .debug_macro   0x00021a00       0x4d ./Core/Src/ApplicationCode.o
 .debug_macro   0x00021a4d      0x134 ./Core/Src/ApplicationCode.o
 .debug_macro   0x00021b81      0x332 ./Core/Src/ApplicationCode.o
 .debug_macro   0x00021eb3       0x22 ./Core/Src/ApplicationCode.o
 .debug_macro   0x00021ed5      0x179 ./Core/Src/ApplicationCode.o
 .debug_macro   0x0002204e       0x88 ./Core/Src/ApplicationCode.o
 .debug_macro   0x000220d6       0x61 ./Core/Src/ApplicationCode.o
 .debug_macro   0x00022137       0x2a ./Core/Src/ApplicationCode.o
 .debug_macro   0x00022161       0x43 ./Core/Src/ApplicationCode.o
 .debug_macro   0x000221a4       0x34 ./Core/Src/ApplicationCode.o
 .debug_macro   0x000221d8       0x16 ./Core/Src/ApplicationCode.o
 .debug_macro   0x000221ee       0x35 ./Core/Src/ApplicationCode.o
 .debug_macro   0x00022223      0x369 ./Core/Src/ApplicationCode.o
 .debug_macro   0x0002258c       0x10 ./Core/Src/ApplicationCode.o
 .debug_macro   0x0002259c       0x16 ./Core/Src/ApplicationCode.o
 .debug_macro   0x000225b2       0x43 ./Core/Src/ApplicationCode.o
 .debug_macro   0x000225f5       0x34 ./Core/Src/ApplicationCode.o
 .debug_macro   0x00022629       0x10 ./Core/Src/ApplicationCode.o
 .debug_macro   0x00022639       0x58 ./Core/Src/ApplicationCode.o
 .debug_macro   0x00022691       0x8e ./Core/Src/ApplicationCode.o
 .debug_macro   0x0002271f       0x1c ./Core/Src/ApplicationCode.o
 .debug_macro   0x0002273b      0x177 ./Core/Src/ApplicationCode.o
 .debug_macro   0x000228b2       0x16 ./Core/Src/ApplicationCode.o
 .debug_macro   0x000228c8       0x16 ./Core/Src/ApplicationCode.o
 .debug_macro   0x000228de      0x146 ./Core/Src/ApplicationCode.o
 .debug_macro   0x00022a24      0x245 ./Core/Src/LCD_Driver.o
 .debug_macro   0x00022c69       0x6d ./Core/Src/fonts.o
 .debug_macro   0x00022cd6      0x21a ./Core/Src/ili9341.o
 .debug_macro   0x00022ef0      0x32c ./Core/Src/ili9341.o
 .debug_macro   0x0002321c      0x336 ./Core/Src/main.o
 .debug_macro   0x00023552      0x4c8 ./Core/Src/main.o
 .debug_macro   0x00023a1a      0x21a ./Core/Src/stm32f4xx_hal_msp.o
 .debug_macro   0x00023c34      0x224 ./Core/Src/stm32f4xx_it.o
 .debug_macro   0x00023e58      0x274 ./Core/Src/syscalls.o
 .debug_macro   0x000240cc       0x5b ./Core/Src/syscalls.o
 .debug_macro   0x00024127       0x94 ./Core/Src/syscalls.o
 .debug_macro   0x000241bb       0x57 ./Core/Src/syscalls.o
 .debug_macro   0x00024212       0x10 ./Core/Src/syscalls.o
 .debug_macro   0x00024222       0x10 ./Core/Src/syscalls.o
 .debug_macro   0x00024232       0x10 ./Core/Src/syscalls.o
 .debug_macro   0x00024242       0x10 ./Core/Src/syscalls.o
 .debug_macro   0x00024252       0x1c ./Core/Src/syscalls.o
 .debug_macro   0x0002426e       0x52 ./Core/Src/syscalls.o
 .debug_macro   0x000242c0       0x22 ./Core/Src/syscalls.o
 .debug_macro   0x000242e2       0x10 ./Core/Src/syscalls.o
 .debug_macro   0x000242f2       0x52 ./Core/Src/syscalls.o
 .debug_macro   0x00024344       0xcf ./Core/Src/syscalls.o
 .debug_macro   0x00024413       0x1c ./Core/Src/syscalls.o
 .debug_macro   0x0002442f       0x3d ./Core/Src/syscalls.o
 .debug_macro   0x0002446c       0x35 ./Core/Src/syscalls.o
 .debug_macro   0x000244a1      0x12c ./Core/Src/syscalls.o
 .debug_macro   0x000245cd       0x16 ./Core/Src/syscalls.o
 .debug_macro   0x000245e3       0x16 ./Core/Src/syscalls.o
 .debug_macro   0x000245f9       0x29 ./Core/Src/syscalls.o
 .debug_macro   0x00024622       0x10 ./Core/Src/syscalls.o
 .debug_macro   0x00024632      0x242 ./Core/Src/syscalls.o
 .debug_macro   0x00024874       0x1c ./Core/Src/syscalls.o
 .debug_macro   0x00024890       0x10 ./Core/Src/syscalls.o
 .debug_macro   0x000248a0      0x18a ./Core/Src/syscalls.o
 .debug_macro   0x00024a2a       0x16 ./Core/Src/syscalls.o
 .debug_macro   0x00024a40       0xce ./Core/Src/syscalls.o
 .debug_macro   0x00024b0e      0x20b ./Core/Src/system_stm32f4xx.o
 .debug_macro   0x00024d19      0x26b ./Drivers/STM32F4xx_HAL_Driver/Src/stm32f4xx_hal.o
 .debug_macro   0x00024f84      0x20b ./Drivers/STM32F4xx_HAL_Driver/Src/stm32f4xx_hal_cortex.o
 .debug_macro   0x0002518f      0x211 ./Drivers/STM32F4xx_HAL_Driver/Src/stm32f4xx_hal_gpio.o
 .debug_macro   0x000253a0      0x259 ./Drivers/STM32F4xx_HAL_Driver/Src/stm32f4xx_hal_i2c.o
 .debug_macro   0x000255f9      0x20b ./Drivers/STM32F4xx_HAL_Driver/Src/stm32f4xx_hal_i2c_ex.o
 .debug_macro   0x00025804      0x213 ./Drivers/STM32F4xx_HAL_Driver/Src/stm32f4xx_hal_ltdc.o
 .debug_macro   0x00025a17      0x22f ./Drivers/STM32F4xx_HAL_Driver/Src/stm32f4xx_hal_rcc.o
 .debug_macro   0x00025c46      0x20b ./Drivers/STM32F4xx_HAL_Driver/Src/stm32f4xx_hal_rcc_ex.o
 .debug_macro   0x00025e51      0x211 ./Drivers/STM32F4xx_HAL_Driver/Src/stm32f4xx_hal_rng.o
 .debug_macro   0x00026062      0x21a ./Drivers/STM32F4xx_HAL_Driver/Src/stm32f4xx_hal_spi.o
 .debug_macro   0x0002627c      0x20c ./Drivers/STM32F4xx_HAL_Driver/Src/stm32f4xx_hal_tim.o
 .debug_macro   0x00026488      0x20b ./Drivers/STM32F4xx_HAL_Driver/Src/stm32f4xx_hal_tim_ex.o

.debug_line     0x00000000    0x16b3c
 .debug_line    0x00000000      0x984 ./Core/Src/ApplicationCode.o
 .debug_line    0x00000984      0xb59 ./Core/Src/LCD_Driver.o
 .debug_line    0x000014dd      0x412 ./Core/Src/fonts.o
 .debug_line    0x000018ef      0xa0a ./Core/Src/ili9341.o
 .debug_line    0x000022f9      0xce1 ./Core/Src/main.o
 .debug_line    0x00002fda      0x9c9 ./Core/Src/stm32f4xx_hal_msp.o
 .debug_line    0x000039a3      0x88b ./Core/Src/stm32f4xx_it.o
 .debug_line    0x0000422e      0x8b2 ./Core/Src/syscalls.o
 .debug_line    0x00004ae0      0x84d ./Core/Src/system_stm32f4xx.o
 .debug_line    0x0000532d       0x7a ./Core/Startup/startup_stm32f429zitx.o
 .debug_line    0x000053a7      0xaec ./Drivers/STM32F4xx_HAL_Driver/Src/stm32f4xx_hal.o
 .debug_line    0x00005e93      0xda8 ./Drivers/STM32F4xx_HAL_Driver/Src/stm32f4xx_hal_cortex.o
 .debug_line    0x00006c3b      0xc6a ./Drivers/STM32F4xx_HAL_Driver/Src/stm32f4xx_hal_gpio.o
 .debug_line    0x000078a5     0x3bfc ./Drivers/STM32F4xx_HAL_Driver/Src/stm32f4xx_hal_i2c.o
 .debug_line    0x0000b4a1      0x843 ./Drivers/STM32F4xx_HAL_Driver/Src/stm32f4xx_hal_i2c_ex.o
 .debug_line    0x0000bce4     0x186d ./Drivers/STM32F4xx_HAL_Driver/Src/stm32f4xx_hal_ltdc.o
 .debug_line    0x0000d551      0xe41 ./Drivers/STM32F4xx_HAL_Driver/Src/stm32f4xx_hal_rcc.o
 .debug_line    0x0000e392      0xc8b ./Drivers/STM32F4xx_HAL_Driver/Src/stm32f4xx_hal_rcc_ex.o
 .debug_line    0x0000f01d      0xa45 ./Drivers/STM32F4xx_HAL_Driver/Src/stm32f4xx_hal_rng.o
 .debug_line    0x0000fa62     0x1dd4 ./Drivers/STM32F4xx_HAL_Driver/Src/stm32f4xx_hal_spi.o
 .debug_line    0x00011836     0x385a ./Drivers/STM32F4xx_HAL_Driver/Src/stm32f4xx_hal_tim.o
 .debug_line    0x00015090     0x1aac ./Drivers/STM32F4xx_HAL_Driver/Src/stm32f4xx_hal_tim_ex.o

.debug_str      0x00000000    0xe253b
 .debug_str     0x00000000    0xda172 ./Core/Src/ApplicationCode.o
                              0xda43e (size before relaxing)
 .debug_str     0x000da172      0x6ca ./Core/Src/LCD_Driver.o
                              0xd7426 (size before relaxing)
 .debug_str     0x000da83c       0x40 ./Core/Src/fonts.o
                               0x3d8d (size before relaxing)
 .debug_str     0x000da87c      0x537 ./Core/Src/ili9341.o
                              0xd6bd8 (size before relaxing)
 .debug_str     0x000dadb3     0x1746 ./Core/Src/main.o
                              0xdc4e2 (size before relaxing)
 .debug_str     0x000dc4f9      0x11e ./Core/Src/stm32f4xx_hal_msp.o
                              0xd77ac (size before relaxing)
 .debug_str     0x000dc617       0xc9 ./Core/Src/stm32f4xx_it.o
                              0xd67c8 (size before relaxing)
 .debug_str     0x000dc6e0     0x20a2 ./Core/Src/syscalls.o
                               0x98c4 (size before relaxing)
 .debug_str     0x000de782       0xdb ./Core/Src/system_stm32f4xx.o
                              0xd59ca (size before relaxing)
 .debug_str     0x000de85d       0x44 ./Core/Startup/startup_stm32f429zitx.o
                                 0x8f (size before relaxing)
 .debug_str     0x000de8a1      0xb7a ./Drivers/STM32F4xx_HAL_Driver/Src/stm32f4xx_hal.o
                              0xd65ed (size before relaxing)
 .debug_str     0x000df41b      0x392 ./Drivers/STM32F4xx_HAL_Driver/Src/stm32f4xx_hal_cortex.o
                              0xd631b (size before relaxing)
 .debug_str     0x000df7ad      0x121 ./Drivers/STM32F4xx_HAL_Driver/Src/stm32f4xx_hal_gpio.o
                              0xd5b45 (size before relaxing)
 .debug_str     0x000df8ce      0xb57 ./Drivers/STM32F4xx_HAL_Driver/Src/stm32f4xx_hal_i2c.o
                              0xd69da (size before relaxing)
 .debug_str     0x000e0425       0x3b ./Drivers/STM32F4xx_HAL_Driver/Src/stm32f4xx_hal_i2c_ex.o
                              0xd5d99 (size before relaxing)
 .debug_str     0x000e0460      0x491 ./Drivers/STM32F4xx_HAL_Driver/Src/stm32f4xx_hal_ltdc.o
                              0xd602e (size before relaxing)
 .debug_str     0x000e08f1      0x213 ./Drivers/STM32F4xx_HAL_Driver/Src/stm32f4xx_hal_rcc.o
                              0xd5dfe (size before relaxing)
 .debug_str     0x000e0b04      0x133 ./Drivers/STM32F4xx_HAL_Driver/Src/stm32f4xx_hal_rcc_ex.o
                              0xd5bc5 (size before relaxing)
 .debug_str     0x000e0c37      0x16f ./Drivers/STM32F4xx_HAL_Driver/Src/stm32f4xx_hal_rng.o
                              0xd5ab7 (size before relaxing)
 .debug_str     0x000e0da6      0x518 ./Drivers/STM32F4xx_HAL_Driver/Src/stm32f4xx_hal_spi.o
                              0xd6275 (size before relaxing)
 .debug_str     0x000e12be      0xdea ./Drivers/STM32F4xx_HAL_Driver/Src/stm32f4xx_hal_tim.o
                              0xd6d41 (size before relaxing)
 .debug_str     0x000e20a8      0x493 ./Drivers/STM32F4xx_HAL_Driver/Src/stm32f4xx_hal_tim_ex.o
                              0xd654d (size before relaxing)

.comment        0x00000000       0x43
 .comment       0x00000000       0x43 ./Core/Src/ApplicationCode.o
                                 0x44 (size before relaxing)
 .comment       0x00000043       0x44 ./Core/Src/LCD_Driver.o
 .comment       0x00000043       0x44 ./Core/Src/fonts.o
 .comment       0x00000043       0x44 ./Core/Src/ili9341.o
 .comment       0x00000043       0x44 ./Core/Src/main.o
 .comment       0x00000043       0x44 ./Core/Src/stm32f4xx_hal_msp.o
 .comment       0x00000043       0x44 ./Core/Src/stm32f4xx_it.o
 .comment       0x00000043       0x44 ./Core/Src/syscalls.o
 .comment       0x00000043       0x44 ./Core/Src/system_stm32f4xx.o
 .comment       0x00000043       0x44 ./Drivers/STM32F4xx_HAL_Driver/Src/stm32f4xx_hal.o
 .comment       0x00000043       0x44 ./Drivers/STM32F4xx_HAL_Driver/Src/stm32f4xx_hal_cortex.o
 .comment       0x00000043       0x44 ./Drivers/STM32F4xx_HAL_Driver/Src/stm32f4xx_hal_gpio.o
 .comment       0x00000043       0x44 ./Drivers/STM32F4xx_HAL_Driver/Src/stm32f4xx_hal_i2c.o
 .comment       0x00000043       0x44 ./Drivers/STM32F4xx_HAL_Driver/Src/stm32f4xx_hal_i2c_ex.o
 .comment       0x00000043       0x44 ./Drivers/STM32F4xx_HAL_Driver/Src/stm32f4xx_hal_ltdc.o
 .comment       0x00000043       0x44 ./Drivers/STM32F4xx_HAL_Driver/Src/stm32f4xx_hal_rcc.o
 .comment       0x00000043       0x44 ./Drivers/STM32F4xx_HAL_Driver/Src/stm32f4xx_hal_rcc_ex.o
 .comment       0x00000043       0x44 ./Drivers/STM32F4xx_HAL_Driver/Src/stm32f4xx_hal_rng.o
 .comment       0x00000043       0x44 ./Drivers/STM32F4xx_HAL_Driver/Src/stm32f4xx_hal_spi.o
 .comment       0x00000043       0x44 ./Drivers/STM32F4xx_HAL_Driver/Src/stm32f4xx_hal_tim.o
 .comment       0x00000043       0x44 ./Drivers/STM32F4xx_HAL_Driver/Src/stm32f4xx_hal_tim_ex.o

.debug_frame    0x00000000     0x4eac
 .debug_frame   0x00000000       0x48 ./Core/Src/ApplicationCode.o
 .debug_frame   0x00000048      0x204 ./Core/Src/LCD_Driver.o
 .debug_frame   0x0000024c      0x228 ./Core/Src/ili9341.o
 .debug_frame   0x00000474      0x150 ./Core/Src/main.o
 .debug_frame   0x000005c4      0x1b0 ./Core/Src/stm32f4xx_hal_msp.o
 .debug_frame   0x00000774      0x104 ./Core/Src/stm32f4xx_it.o
 .debug_frame   0x00000878      0x2ac ./Core/Src/syscalls.o
 .debug_frame   0x00000b24       0x58 ./Core/Src/system_stm32f4xx.o
 .debug_frame   0x00000b7c      0x3b4 ./Drivers/STM32F4xx_HAL_Driver/Src/stm32f4xx_hal.o
 .debug_frame   0x00000f30      0x508 ./Drivers/STM32F4xx_HAL_Driver/Src/stm32f4xx_hal_cortex.o
 .debug_frame   0x00001438      0x14c ./Drivers/STM32F4xx_HAL_Driver/Src/stm32f4xx_hal_gpio.o
 .debug_frame   0x00001584      0xc84 ./Drivers/STM32F4xx_HAL_Driver/Src/stm32f4xx_hal_i2c.o
 .debug_frame   0x00002208       0x60 ./Drivers/STM32F4xx_HAL_Driver/Src/stm32f4xx_hal_i2c_ex.o
 .debug_frame   0x00002268      0x61c ./Drivers/STM32F4xx_HAL_Driver/Src/stm32f4xx_hal_ltdc.o
 .debug_frame   0x00002884      0x1f4 ./Drivers/STM32F4xx_HAL_Driver/Src/stm32f4xx_hal_rcc.o
 .debug_frame   0x00002a78      0x13c ./Drivers/STM32F4xx_HAL_Driver/Src/stm32f4xx_hal_rcc_ex.o
 .debug_frame   0x00002bb4      0x22c ./Drivers/STM32F4xx_HAL_Driver/Src/stm32f4xx_hal_rng.o
 .debug_frame   0x00002de0      0x828 ./Drivers/STM32F4xx_HAL_Driver/Src/stm32f4xx_hal_spi.o
 .debug_frame   0x00003608     0x11c0 ./Drivers/STM32F4xx_HAL_Driver/Src/stm32f4xx_hal_tim.o
 .debug_frame   0x000047c8      0x638 ./Drivers/STM32F4xx_HAL_Driver/Src/stm32f4xx_hal_tim_ex.o
 .debug_frame   0x00004e00       0x20 C:/ST/STM32CubeIDE_1.16.1/STM32CubeIDE/plugins/com.st.stm32cube.ide.mcu.externaltools.gnu-tools-for-stm32.12.3.rel1.win32_1.0.200.202406191623/tools/bin/../lib/gcc/arm-none-eabi/12.3.1/../../../../arm-none-eabi/lib/thumb/v7e-m+fp/hard\libc_nano.a(libc_a-memset.o)
 .debug_frame   0x00004e20       0x2c C:/ST/STM32CubeIDE_1.16.1/STM32CubeIDE/plugins/com.st.stm32cube.ide.mcu.externaltools.gnu-tools-for-stm32.12.3.rel1.win32_1.0.200.202406191623/tools/bin/../lib/gcc/arm-none-eabi/12.3.1/../../../../arm-none-eabi/lib/thumb/v7e-m+fp/hard\libc_nano.a(libc_a-init.o)
 .debug_frame   0x00004e4c       0x2c C:/ST/STM32CubeIDE_1.16.1/STM32CubeIDE/plugins/com.st.stm32cube.ide.mcu.externaltools.gnu-tools-for-stm32.12.3.rel1.win32_1.0.200.202406191623/tools/bin/../lib/gcc/arm-none-eabi/12.3.1/thumb/v7e-m+fp/hard\libgcc.a(_aeabi_uldivmod.o)
 .debug_frame   0x00004e78       0x34 C:/ST/STM32CubeIDE_1.16.1/STM32CubeIDE/plugins/com.st.stm32cube.ide.mcu.externaltools.gnu-tools-for-stm32.12.3.rel1.win32_1.0.200.202406191623/tools/bin/../lib/gcc/arm-none-eabi/12.3.1/thumb/v7e-m+fp/hard\libgcc.a(_udivmoddi4.o)

.debug_line_str
                0x00000000       0x73
 .debug_line_str
                0x00000000       0x73 ./Core/Startup/startup_stm32f429zitx.o
