../Core/Src/Game.c:107:6:InitializeGame	8	static
../Core/Src/Game.c:119:6:RenderGameScreen	40	static
../Core/Src/Game.c:164:6:RenderNextBlock	16	static
../Core/Src/Game.c:174:6:UpdateFallingBlock	32	static
../Core/Src/Game.c:214:6:MoveFallingBlockLeft	16	static
../Core/Src/Game.c:237:6:MoveFallingBlockRight	16	static
../Core/Src/Game.c:260:6:RotateFallingBlock	64	static
../Core/Src/Game.c:351:6:ShuffleBag	16	static
../Core/Src/Game.c:368:6:FormatTimerString	24	static
../Core/Src/Game.c:378:6:DisplayTimer	40	static
../Core/Src/Game.c:400:6:ClearFullRows	24	static
../Core/Src/Game.c:459:6:SpawnFallingBlock	32	static
../Core/Src/Game.c:480:6:SpawnRandomBlock	16	static
