../Core/Src/LCD_Driver.c:34:6:LCD_GPIO_Init	56	static
../Core/Src/LCD_Driver.c:117:6:LTCD_Layer_Init	72	static
../Core/Src/LCD_Driver.c:144:6:clearScreen	8	static
../Core/Src/LCD_Driver.c:149:6:LTCD__Init	8	static
../Core/Src/LCD_Driver.c:208:6:LCD_Draw_Pixel	24	static
../Core/Src/LCD_Driver.c:216:6:LCD_Draw_Block	32	static
../Core/Src/LCD_Driver.c:233:6:LCD_Clear	24	static
../Core/Src/LCD_Driver.c:243:6:LCD_SetTextColor	16	static
../Core/Src/LCD_Driver.c:249:6:LCD_SetFont	16	static
../Core/Src/LCD_Driver.c:255:6:LCD_Draw_Char	24	static
../Core/Src/LCD_Driver.c:275:6:LCD_DisplayChar	16	static
../Core/Src/LCD_Driver.c:281:6:LCD_DisplayString	16	static
../Core/Src/LCD_Driver.c:300:6:LCD_Error_Handler	4	static,ignoring_inline_asm
../Core/Src/LCD_Driver.c:315:6:InitializeLCDTouch	8	static
../Core/Src/LCD_Driver.c:323:18:returnTouchStateAndLocation	16	static
../Core/Src/LCD_Driver.c:328:6:DetermineTouchPosition	16	static
../Core/Src/LCD_Driver.c:333:9:ReadRegisterFromTouchModule	16	static
../Core/Src/LCD_Driver.c:338:6:WriteDataToTouchModule	16	static
