../Core/Src/main.c:79:5:main	8	static
../Core/Src/main.c:133:6:SystemClock_Config	88	static
../Core/Src/main.c:180:13:MX_I2C3_Init	8	static
../Core/Src/main.c:228:13:MX_LTDC_Init	112	static
../Core/Src/main.c:310:13:MX_RNG_Init	8	static
../Core/Src/main.c:336:13:MX_SPI5_Init	8	static
../Core/Src/main.c:374:13:MX_TIM2_Init	32	static
../Core/Src/main.c:419:13:MX_GPIO_Init	64	static
../Core/Src/main.c:586:6:SystemClockOverride	80	static
../Core/Src/main.c:620:6:Error_Handler	4	static,ignoring_inline_asm
